2025-12-31 20:51:17.100 [INF] UI Log sink configured
2025-12-31 20:51:17.567 [INF] MainWindow shown
2025-12-31 20:51:17.570 [INF] Starting ViewModel initialization...
2025-12-31 20:51:17.846 [INF] Initializing PlcManager with 0 PLCs...
2025-12-31 20:51:17.848 [INF] PlcManager initialized with 0 connections
2025-12-31 20:51:17.851 [INF] ViewModel initialization completed
2025-12-31 20:51:17.853 [DBG] Creating ApiHostService...
2025-12-31 20:51:18.608 [INF] API Server started successfully at http://localhost:5000
2025-12-31 20:51:25.535 [DBG] PlcConnection created for New PLC 1 (opc.tcp://localhost:4840)
2025-12-31 20:51:25.544 [INF] Added PLC New PLC 1 (f50355e2-c822-4c0b-9a4e-a3faead94499)
2025-12-31 20:51:28.876 [INF] Connecting to all PLCs...
2025-12-31 20:51:28.883 [INF] PLC New PLC 1 state changed: "Disconnected" -> "Connecting"
2025-12-31 20:51:28.888 [INF] ═══════════════════════════════════════════════════════════
2025-12-31 20:51:28.891 [INF] Connecting to PLC: New PLC 1
2025-12-31 20:51:28.893 [INF] Target Endpoint: opc.tcp://192.168.137.1:4840
2025-12-31 20:51:28.896 [INF] Security Policy: "None", Mode: "None"
2025-12-31 20:51:28.981 [INF] Discovering endpoints from opc.tcp://192.168.137.1:4840... (attempt 1/3)
2025-12-31 20:51:29.168 [INF] Found 5 available endpoint(s):
2025-12-31 20:51:29.171 [INF]   [1] opc.tcp://192.168.137.1:4840/
2025-12-31 20:51:29.173 [INF]       Security: None / "None"
2025-12-31 20:51:29.176 [INF]   [2] opc.tcp://192.168.137.1:4840/
2025-12-31 20:51:29.178 [INF]       Security: Basic128Rsa15 / "Sign"
2025-12-31 20:51:29.180 [INF]   [3] opc.tcp://192.168.137.1:4840/
2025-12-31 20:51:29.182 [INF]       Security: Basic128Rsa15 / "SignAndEncrypt"
2025-12-31 20:51:29.184 [INF]   [4] opc.tcp://192.168.137.1:4840/
2025-12-31 20:51:29.185 [INF]       Security: Basic256 / "Sign"
2025-12-31 20:51:29.187 [INF]   [5] opc.tcp://192.168.137.1:4840/
2025-12-31 20:51:29.189 [INF]       Security: Basic256 / "SignAndEncrypt"
2025-12-31 20:51:29.198 [INF] Selected No Security endpoint (recommended for S7-1200/1500 stability)
2025-12-31 20:51:29.200 [DBG]   → Endpoint: opc.tcp://192.168.137.1:4840/
2025-12-31 20:51:29.203 [INF] Selected Endpoint: opc.tcp://192.168.137.1:4840/
2025-12-31 20:51:29.205 [INF]   → Security Policy: http://opcfoundation.org/UA/SecurityPolicy#None
2025-12-31 20:51:29.207 [INF]   → Security Mode: "None"
2025-12-31 20:51:29.210 [INF]   → Transport Profile: http://opcfoundation.org/UA-Profile/Transport/uatcp-uasc-uabinary
2025-12-31 20:51:29.212 [INF] Creating OPC UA Session...
2025-12-31 20:51:29.296 [INF] PLC New PLC 1 state changed: "Connecting" -> "Error"
2025-12-31 20:51:29.299 [ERR] Failed to connect to New PLC 1: BadSecureChannelClosed
Opc.Ua.ServiceResultException: BadSecureChannelClosed
   at Opc.Ua.Bindings.ChannelAsyncOperation`1.EndAsync(Int32 timeout, Boolean throwOnError, CancellationToken ct)
   at Opc.Ua.Bindings.UaSCUaBinaryClientChannel.EndSendRequestAsync(IAsyncResult result, CancellationToken ct)
   at Opc.Ua.SessionClient.CreateSessionAsync(RequestHeader requestHeader, ApplicationDescription clientDescription, String serverUri, String endpointUrl, String sessionName, Byte[] clientNonce, Byte[] clientCertificate, Double requestedSessionTimeout, UInt32 maxResponseMessageSize, CancellationToken ct)
   at Opc.Ua.Client.Session.OpenAsync(String sessionName, UInt32 sessionTimeout, IUserIdentity identity, IList`1 preferredLocales, Boolean checkDomain, CancellationToken ct)
   at Opc.Ua.Client.Session.Create(ISessionInstantiator sessionInstantiator, ApplicationConfiguration configuration, ITransportWaitingConnection connection, ConfiguredEndpoint endpoint, Boolean updateBeforeConnect, Boolean checkDomain, String sessionName, UInt32 sessionTimeout, IUserIdentity identity, IList`1 preferredLocales, CancellationToken ct)
   at OpcUaCommunicationEngine.Services.OpcUa.PlcConnection.ConnectAsync(CancellationToken cancellationToken) in C:\Users\user\source\repos\Natony\OPCUACommDriver\Services\OpcUa\PlcConnection.cs:line 140
2025-12-31 20:51:29.335 [WRN] Error on PLC New PLC 1: BadSecureChannelClosed
2025-12-31 20:51:29.339 [INF] Starting auto-reconnect for New PLC 1 (max 10 attempts, interval 5000ms)
2025-12-31 20:51:29.342 [DBG] Waiting 5000ms before reconnect attempt...
2025-12-31 20:51:29.344 [INF] Connected to 0/1 PLCs
2025-12-31 20:51:34.345 [INF] Auto-reconnect attempt 1/10 for New PLC 1...
2025-12-31 20:51:34.348 [INF] PLC New PLC 1 state changed: "Error" -> "Reconnecting"
2025-12-31 20:51:34.351 [INF] PLC New PLC 1 state changed: "Reconnecting" -> "Connecting"
2025-12-31 20:51:34.353 [INF] ═══════════════════════════════════════════════════════════
2025-12-31 20:51:34.356 [INF] Connecting to PLC: New PLC 1
2025-12-31 20:51:34.358 [INF] Target Endpoint: opc.tcp://192.168.137.1:4840
2025-12-31 20:51:34.360 [INF] Security Policy: "None", Mode: "None"
2025-12-31 20:51:34.377 [INF] Discovering endpoints from opc.tcp://192.168.137.1:4840... (attempt 1/3)
2025-12-31 20:51:34.547 [INF] Found 5 available endpoint(s):
2025-12-31 20:51:34.550 [INF]   [1] opc.tcp://192.168.137.1:4840/
2025-12-31 20:51:34.552 [INF]       Security: None / "None"
2025-12-31 20:51:34.554 [INF]   [2] opc.tcp://192.168.137.1:4840/
2025-12-31 20:51:34.556 [INF]       Security: Basic128Rsa15 / "Sign"
2025-12-31 20:51:34.558 [INF]   [3] opc.tcp://192.168.137.1:4840/
2025-12-31 20:51:34.560 [INF]       Security: Basic128Rsa15 / "SignAndEncrypt"
2025-12-31 20:51:34.562 [INF]   [4] opc.tcp://192.168.137.1:4840/
2025-12-31 20:51:34.564 [INF]       Security: Basic256 / "Sign"
2025-12-31 20:51:34.566 [INF]   [5] opc.tcp://192.168.137.1:4840/
2025-12-31 20:51:34.567 [INF]       Security: Basic256 / "SignAndEncrypt"
2025-12-31 20:51:34.569 [INF] Selected No Security endpoint (recommended for S7-1200/1500 stability)
2025-12-31 20:51:34.571 [DBG]   → Endpoint: opc.tcp://192.168.137.1:4840/
2025-12-31 20:51:34.573 [INF] Selected Endpoint: opc.tcp://192.168.137.1:4840/
2025-12-31 20:51:34.574 [INF]   → Security Policy: http://opcfoundation.org/UA/SecurityPolicy#None
2025-12-31 20:51:34.576 [INF]   → Security Mode: "None"
2025-12-31 20:51:34.578 [INF]   → Transport Profile: http://opcfoundation.org/UA-Profile/Transport/uatcp-uasc-uabinary
2025-12-31 20:51:34.581 [INF] Creating OPC UA Session...
2025-12-31 20:51:34.616 [INF] PLC New PLC 1 state changed: "Connecting" -> "Error"
2025-12-31 20:51:34.618 [ERR] Failed to connect to New PLC 1: BadSecureChannelClosed
Opc.Ua.ServiceResultException: BadSecureChannelClosed
   at Opc.Ua.Bindings.ChannelAsyncOperation`1.EndAsync(Int32 timeout, Boolean throwOnError, CancellationToken ct)
   at Opc.Ua.Bindings.UaSCUaBinaryClientChannel.EndSendRequestAsync(IAsyncResult result, CancellationToken ct)
   at Opc.Ua.SessionClient.CreateSessionAsync(RequestHeader requestHeader, ApplicationDescription clientDescription, String serverUri, String endpointUrl, String sessionName, Byte[] clientNonce, Byte[] clientCertificate, Double requestedSessionTimeout, UInt32 maxResponseMessageSize, CancellationToken ct)
   at Opc.Ua.Client.Session.OpenAsync(String sessionName, UInt32 sessionTimeout, IUserIdentity identity, IList`1 preferredLocales, Boolean checkDomain, CancellationToken ct)
   at Opc.Ua.Client.Session.Create(ISessionInstantiator sessionInstantiator, ApplicationConfiguration configuration, ITransportWaitingConnection connection, ConfiguredEndpoint endpoint, Boolean updateBeforeConnect, Boolean checkDomain, String sessionName, UInt32 sessionTimeout, IUserIdentity identity, IList`1 preferredLocales, CancellationToken ct)
   at OpcUaCommunicationEngine.Services.OpcUa.PlcConnection.ConnectAsync(CancellationToken cancellationToken) in C:\Users\user\source\repos\Natony\OPCUACommDriver\Services\OpcUa\PlcConnection.cs:line 140
2025-12-31 20:51:34.622 [WRN] Error on PLC New PLC 1: BadSecureChannelClosed
2025-12-31 20:51:34.624 [DBG] Waiting 5000ms before reconnect attempt...
2025-12-31 20:51:39.626 [INF] Auto-reconnect attempt 2/10 for New PLC 1...
2025-12-31 20:51:39.629 [INF] PLC New PLC 1 state changed: "Error" -> "Reconnecting"
2025-12-31 20:51:39.632 [INF] PLC New PLC 1 state changed: "Reconnecting" -> "Connecting"
2025-12-31 20:51:39.635 [INF] ═══════════════════════════════════════════════════════════
2025-12-31 20:51:39.638 [INF] Connecting to PLC: New PLC 1
2025-12-31 20:51:39.641 [INF] Target Endpoint: opc.tcp://192.168.137.1:4840
2025-12-31 20:51:39.643 [INF] Security Policy: "None", Mode: "None"
2025-12-31 20:51:39.661 [INF] Discovering endpoints from opc.tcp://192.168.137.1:4840... (attempt 1/3)
2025-12-31 20:51:39.668 [INF] Found 5 available endpoint(s):
2025-12-31 20:51:39.671 [INF]   [1] opc.tcp://192.168.137.1:4840/
2025-12-31 20:51:39.674 [INF]       Security: None / "None"
2025-12-31 20:51:39.676 [INF]   [2] opc.tcp://192.168.137.1:4840/
2025-12-31 20:51:39.678 [INF]       Security: Basic128Rsa15 / "Sign"
2025-12-31 20:51:39.680 [INF]   [3] opc.tcp://192.168.137.1:4840/
2025-12-31 20:51:39.683 [INF]       Security: Basic128Rsa15 / "SignAndEncrypt"
2025-12-31 20:51:39.686 [INF]   [4] opc.tcp://192.168.137.1:4840/
2025-12-31 20:51:39.689 [INF]       Security: Basic256 / "Sign"
2025-12-31 20:51:39.691 [INF]   [5] opc.tcp://192.168.137.1:4840/
2025-12-31 20:51:39.693 [INF]       Security: Basic256 / "SignAndEncrypt"
2025-12-31 20:51:39.696 [INF] Selected No Security endpoint (recommended for S7-1200/1500 stability)
2025-12-31 20:51:39.698 [DBG]   → Endpoint: opc.tcp://192.168.137.1:4840/
2025-12-31 20:51:39.700 [INF] Selected Endpoint: opc.tcp://192.168.137.1:4840/
2025-12-31 20:51:39.702 [INF]   → Security Policy: http://opcfoundation.org/UA/SecurityPolicy#None
2025-12-31 20:51:39.704 [INF]   → Security Mode: "None"
2025-12-31 20:51:39.706 [INF]   → Transport Profile: http://opcfoundation.org/UA-Profile/Transport/uatcp-uasc-uabinary
2025-12-31 20:51:39.709 [INF] Creating OPC UA Session...
2025-12-31 20:51:39.746 [INF] PLC New PLC 1 state changed: "Connecting" -> "Error"
2025-12-31 20:51:39.749 [ERR] Failed to connect to New PLC 1: BadSecureChannelClosed
Opc.Ua.ServiceResultException: BadSecureChannelClosed
   at Opc.Ua.Bindings.ChannelAsyncOperation`1.EndAsync(Int32 timeout, Boolean throwOnError, CancellationToken ct)
   at Opc.Ua.Bindings.UaSCUaBinaryClientChannel.EndSendRequestAsync(IAsyncResult result, CancellationToken ct)
   at Opc.Ua.SessionClient.CreateSessionAsync(RequestHeader requestHeader, ApplicationDescription clientDescription, String serverUri, String endpointUrl, String sessionName, Byte[] clientNonce, Byte[] clientCertificate, Double requestedSessionTimeout, UInt32 maxResponseMessageSize, CancellationToken ct)
   at Opc.Ua.Client.Session.OpenAsync(String sessionName, UInt32 sessionTimeout, IUserIdentity identity, IList`1 preferredLocales, Boolean checkDomain, CancellationToken ct)
   at Opc.Ua.Client.Session.Create(ISessionInstantiator sessionInstantiator, ApplicationConfiguration configuration, ITransportWaitingConnection connection, ConfiguredEndpoint endpoint, Boolean updateBeforeConnect, Boolean checkDomain, String sessionName, UInt32 sessionTimeout, IUserIdentity identity, IList`1 preferredLocales, CancellationToken ct)
   at OpcUaCommunicationEngine.Services.OpcUa.PlcConnection.ConnectAsync(CancellationToken cancellationToken) in C:\Users\user\source\repos\Natony\OPCUACommDriver\Services\OpcUa\PlcConnection.cs:line 140
2025-12-31 20:51:39.752 [WRN] Error on PLC New PLC 1: BadSecureChannelClosed
2025-12-31 20:51:39.755 [DBG] Waiting 10000ms before reconnect attempt...
2025-12-31 20:51:46.484 [INF] Disconnecting from all PLCs...
2025-12-31 20:51:46.488 [INF] Disconnected from all PLCs
2025-12-31 20:51:49.146 [INF] Removed PLC f50355e2-c822-4c0b-9a4e-a3faead94499
2025-12-31 20:52:29.919 [INF] === Application Shutting Down ===
2025-12-31 20:52:29.921 [INF] Stopping API server...
2025-12-31 21:05:06.230 [INF] === Application Starting ===
2025-12-31 21:05:06.275 [DBG] Configuring services...
2025-12-31 21:05:06.277 [DBG] Services configured
2025-12-31 21:05:06.286 [INF] Services configured successfully
2025-12-31 21:05:06.595 [DBG] Creating ConfigurationService...
2025-12-31 21:05:06.603 [INF] ConfigurationService initialized. Default path: C:\Users\user\source\repos\Natony\OPCUACommDriver\bin\Debug\net8.0-windows\Configurations\plc_config.json
2025-12-31 21:05:06.607 [DBG] Creating PlcManager...
2025-12-31 21:05:06.609 [INF] PlcManager initialized
2025-12-31 21:05:06.612 [DBG] MainViewModel constructor starting...
2025-12-31 21:05:06.614 [DBG] MainViewModel constructor completed
2025-12-31 21:05:07.145 [INF] InitializeAsync starting...
2025-12-31 21:05:07.156 [INF] Loading configuration from C:\Users\user\source\repos\Natony\OPCUACommDriver\bin\Debug\net8.0-windows\Configurations\plc_config.json
2025-12-31 21:05:07.285 [INF] Loaded configuration with 0 PLCs
2025-12-31 21:05:07.295 [INF] InitializeAsync completed. PLCs: 0
2025-12-31 21:05:08.078 [INF] API Server started on http://localhost:5000
2025-12-31 21:05:08.079 [INF] Swagger UI available at http://localhost:5000/index.html
2025-12-31 21:05:08.081 [INF] SignalR Hub available at http://localhost:5000/hubs/plc
2025-12-31 21:06:08.519 [INF] AddPlc called
