2026-01-02 09:48:56.352 [INF] UI Log sink configured
2026-01-02 09:48:56.928 [INF] MainWindow shown
2026-01-02 09:48:56.931 [INF] Starting ViewModel initialization...
2026-01-02 09:48:57.305 [INF] Initializing PlcManager with 0 PLCs...
2026-01-02 09:48:57.308 [INF] PlcManager initialized with 0 connections
2026-01-02 09:48:57.312 [INF] ViewModel initialization completed
2026-01-02 09:48:57.315 [DBG] Creating ApiHostService...
2026-01-02 09:48:58.400 [INF] API Server started successfully at http://localhost:5000
2026-01-02 09:49:03.238 [DBG] PlcConnection created for New PLC 1 (opc.tcp://localhost:4840)
2026-01-02 09:49:03.242 [INF] Added PLC New PLC 1 (3a93c749-8ef1-44be-8188-d11131e24937)
2026-01-02 09:49:26.939 [INF] Connecting to all PLCs...
2026-01-02 09:49:26.952 [INF] PLC New PLC 1 state changed: "Disconnected" -> "Connecting"
2026-01-02 09:49:26.958 [INF] ═══════════════════════════════════════════════════════════
2026-01-02 09:49:26.960 [INF] Connecting to PLC: New PLC 1
2026-01-02 09:49:26.962 [INF] Target Endpoint: opc.tcp://192.168.137.1:4840
2026-01-02 09:49:26.965 [INF] Security Policy: "None", Mode: "None"
2026-01-02 09:49:27.077 [INF] Discovering endpoints from opc.tcp://192.168.137.1:4840... (attempt 1/3)
2026-01-02 09:49:32.083 [INF] Found 3 available endpoint(s):
2026-01-02 09:49:32.087 [INF]   [1] opc.tcp://192.168.137.1:4840/
2026-01-02 09:49:32.089 [INF]       Security: None / "None"
2026-01-02 09:49:32.092 [INF]   [2] opc.tcp://192.168.137.1:4840/
2026-01-02 09:49:32.094 [INF]       Security: Basic256Sha256 / "Sign"
2026-01-02 09:49:32.097 [INF]   [3] opc.tcp://192.168.137.1:4840/
2026-01-02 09:49:32.099 [INF]       Security: Basic256Sha256 / "SignAndEncrypt"
2026-01-02 09:49:32.107 [INF] Selected No Security endpoint (recommended for S7-1200/1500 stability)
2026-01-02 09:49:32.110 [DBG]   → Endpoint: opc.tcp://192.168.137.1:4840/
2026-01-02 09:49:32.113 [INF] Selected Endpoint: opc.tcp://192.168.137.1:4840/
2026-01-02 09:49:32.114 [INF]   → Security Policy: http://opcfoundation.org/UA/SecurityPolicy#None
2026-01-02 09:49:32.116 [INF]   → Security Mode: "None"
2026-01-02 09:49:32.118 [INF]   → Transport Profile: http://opcfoundation.org/UA-Profile/Transport/uatcp-uasc-uabinary
2026-01-02 09:49:32.120 [INF] Creating OPC UA Session...
2026-01-02 09:49:32.252 [INF] PLC New PLC 1 state changed: "Connecting" -> "Connected"
2026-01-02 09:49:32.255 [INF] ✓ Connected successfully to New PLC 1
2026-01-02 09:49:32.257 [INF]   → Session ID: ns=1;i=2808246064
2026-01-02 09:49:32.261 [INF]   → Session Name: OPC UA Communication Engine
2026-01-02 09:49:32.263 [INF]   → Server URI: urn:SIMATIC.S7-1500.OPC-UA.Application:PLC_2
2026-01-02 09:49:32.264 [INF] ═══════════════════════════════════════════════════════════
2026-01-02 09:49:32.269 [INF] Creating subscription group: Fast (100ms) (Interval: 100ms)
2026-01-02 09:49:32.273 [WRN]   → No enabled tags for subscription Fast (100ms)
2026-01-02 09:49:32.289 [INF] ✓ Subscription Fast (100ms) created with 0 monitored items
2026-01-02 09:49:32.292 [INF] Creating subscription group: Normal (500ms) (Interval: 500ms)
2026-01-02 09:49:32.294 [WRN]   → No enabled tags for subscription Normal (500ms)
2026-01-02 09:49:32.416 [INF] ✓ Subscription Normal (500ms) created with 0 monitored items
2026-01-02 09:49:32.419 [INF] Creating subscription group: Slow (1000ms) (Interval: 1000ms)
2026-01-02 09:49:32.421 [WRN]   → No enabled tags for subscription Slow (1000ms)
2026-01-02 09:49:32.618 [INF] ✓ Subscription Slow (1000ms) created with 0 monitored items
2026-01-02 09:49:32.621 [INF] Creating subscription group: VerySlow (5000ms) (Interval: 5000ms)
2026-01-02 09:49:32.624 [WRN]   → No enabled tags for subscription VerySlow (5000ms)
2026-01-02 09:49:32.819 [INF] ✓ Subscription VerySlow (5000ms) created with 0 monitored items
2026-01-02 09:49:32.824 [INF] Connected to 1/1 PLCs
2026-01-02 09:49:35.210 [DBG] Loaded 4 children for Objects
2026-01-02 09:49:35.215 [DBG] Loaded 6 children for Types
2026-01-02 09:49:35.218 [DBG] Loaded 0 children for Views
2026-01-02 09:49:35.220 [INF] Browse server loaded 3 root folders
2026-01-02 09:49:37.784 [DBG] Loaded 1 children for ServerInterfaces
2026-01-02 09:49:39.859 [DBG] Loaded 1 children for Server interface_1
2026-01-02 09:49:39.943 [DBG] Loaded 46 children for Data_block_2
2026-01-02 09:49:39.950 [INF] Added 46 variables from Server interface_1
2026-01-02 09:49:43.575 [INF] Disconnecting from all PLCs...
2026-01-02 09:49:43.580 [INF] PLC New PLC 1 state changed: "Connected" -> "Disconnecting"
2026-01-02 09:49:43.583 [INF] ═══════════════════════════════════════════════════════════
2026-01-02 09:49:43.584 [INF] Disconnecting from PLC: New PLC 1
2026-01-02 09:49:43.586 [INF]   → Session ID: ns=1;i=2808246064
2026-01-02 09:49:43.953 [INF] ✓ Disconnected from New PLC 1
2026-01-02 09:49:43.961 [INF] ═══════════════════════════════════════════════════════════
2026-01-02 09:49:43.964 [INF] PLC New PLC 1 state changed: "Disconnecting" -> "Disconnected"
2026-01-02 09:49:43.966 [INF] Disconnected from all PLCs
2026-01-02 09:49:44.857 [INF] Connecting to all PLCs...
2026-01-02 09:49:44.860 [INF] PLC New PLC 1 state changed: "Disconnected" -> "Connecting"
2026-01-02 09:49:44.864 [INF] ═══════════════════════════════════════════════════════════
2026-01-02 09:49:44.867 [INF] Connecting to PLC: New PLC 1
2026-01-02 09:49:44.869 [INF] Target Endpoint: opc.tcp://192.168.137.1:4840
2026-01-02 09:49:44.872 [INF] Security Policy: "None", Mode: "None"
2026-01-02 09:49:44.890 [INF] Discovering endpoints from opc.tcp://192.168.137.1:4840... (attempt 1/3)
2026-01-02 09:49:44.898 [INF] Found 3 available endpoint(s):
2026-01-02 09:49:44.900 [INF]   [1] opc.tcp://192.168.137.1:4840/
2026-01-02 09:49:44.902 [INF]       Security: None / "None"
2026-01-02 09:49:44.905 [INF]   [2] opc.tcp://192.168.137.1:4840/
2026-01-02 09:49:44.907 [INF]       Security: Basic256Sha256 / "Sign"
2026-01-02 09:49:44.908 [INF]   [3] opc.tcp://192.168.137.1:4840/
2026-01-02 09:49:44.910 [INF]       Security: Basic256Sha256 / "SignAndEncrypt"
2026-01-02 09:49:44.912 [INF] Selected No Security endpoint (recommended for S7-1200/1500 stability)
2026-01-02 09:49:44.915 [DBG]   → Endpoint: opc.tcp://192.168.137.1:4840/
2026-01-02 09:49:44.917 [INF] Selected Endpoint: opc.tcp://192.168.137.1:4840/
2026-01-02 09:49:44.919 [INF]   → Security Policy: http://opcfoundation.org/UA/SecurityPolicy#None
2026-01-02 09:49:44.921 [INF]   → Security Mode: "None"
2026-01-02 09:49:44.923 [INF]   → Transport Profile: http://opcfoundation.org/UA-Profile/Transport/uatcp-uasc-uabinary
2026-01-02 09:49:44.925 [INF] Creating OPC UA Session...
2026-01-02 09:49:44.935 [INF] PLC New PLC 1 state changed: "Connecting" -> "Connected"
2026-01-02 09:49:44.938 [INF] ✓ Connected successfully to New PLC 1
2026-01-02 09:49:44.939 [INF]   → Session ID: ns=1;i=292602122
2026-01-02 09:49:44.941 [INF]   → Session Name: OPC UA Communication Engine
2026-01-02 09:49:44.943 [INF]   → Server URI: urn:SIMATIC.S7-1500.OPC-UA.Application:PLC_2
2026-01-02 09:49:44.945 [INF] ═══════════════════════════════════════════════════════════
2026-01-02 09:49:44.947 [INF] Creating subscription group: Fast (100ms) (Interval: 100ms)
2026-01-02 09:49:44.949 [INF]   → Subscribing to 46 tag(s):
2026-01-02 09:49:44.953 [INF]      • bool1 → NodeId: ns=4;i=13 (ScanRate: 1000ms)
2026-01-02 09:49:44.956 [INF]      • bool2 → NodeId: ns=4;i=14 (ScanRate: 1000ms)
2026-01-02 09:49:44.958 [INF]      • bool3 → NodeId: ns=4;i=15 (ScanRate: 1000ms)
2026-01-02 09:49:44.959 [INF]      • bool4 → NodeId: ns=4;i=16 (ScanRate: 1000ms)
2026-01-02 09:49:44.961 [INF]      • bool5 → NodeId: ns=4;i=17 (ScanRate: 1000ms)
2026-01-02 09:49:44.963 [INF]      • bool6 → NodeId: ns=4;i=18 (ScanRate: 1000ms)
2026-01-02 09:49:44.964 [INF]      • bool7 → NodeId: ns=4;i=19 (ScanRate: 1000ms)
2026-01-02 09:49:44.966 [INF]      • bool8 → NodeId: ns=4;i=20 (ScanRate: 1000ms)
2026-01-02 09:49:44.967 [INF]      • bool9 → NodeId: ns=4;i=21 (ScanRate: 1000ms)
2026-01-02 09:49:44.969 [INF]      • bool10 → NodeId: ns=4;i=22 (ScanRate: 1000ms)
2026-01-02 09:49:44.970 [INF]      • bool11 → NodeId: ns=4;i=23 (ScanRate: 1000ms)
2026-01-02 09:49:44.972 [INF]      • bool12 → NodeId: ns=4;i=24 (ScanRate: 1000ms)
2026-01-02 09:49:44.973 [INF]      • bool13 → NodeId: ns=4;i=25 (ScanRate: 1000ms)
2026-01-02 09:49:44.975 [INF]      • bool14 → NodeId: ns=4;i=26 (ScanRate: 1000ms)
2026-01-02 09:49:44.976 [INF]      • bool15 → NodeId: ns=4;i=27 (ScanRate: 1000ms)
2026-01-02 09:49:44.978 [INF]      • int1 → NodeId: ns=4;i=28 (ScanRate: 1000ms)
2026-01-02 09:49:44.980 [INF]      • int2 → NodeId: ns=4;i=29 (ScanRate: 1000ms)
2026-01-02 09:49:44.981 [INF]      • int3 → NodeId: ns=4;i=30 (ScanRate: 1000ms)
2026-01-02 09:49:44.983 [INF]      • int4 → NodeId: ns=4;i=31 (ScanRate: 1000ms)
2026-01-02 09:49:44.985 [INF]      • int5 → NodeId: ns=4;i=32 (ScanRate: 1000ms)
2026-01-02 09:49:44.986 [INF]      • int6 → NodeId: ns=4;i=33 (ScanRate: 1000ms)
2026-01-02 09:49:44.988 [INF]      • int7 → NodeId: ns=4;i=34 (ScanRate: 1000ms)
2026-01-02 09:49:44.989 [INF]      • int8 → NodeId: ns=4;i=35 (ScanRate: 1000ms)
2026-01-02 09:49:44.991 [INF]      • int9 → NodeId: ns=4;i=36 (ScanRate: 1000ms)
2026-01-02 09:49:44.993 [INF]      • int10 → NodeId: ns=4;i=37 (ScanRate: 1000ms)
2026-01-02 09:49:44.994 [INF]      • int11 → NodeId: ns=4;i=38 (ScanRate: 1000ms)
2026-01-02 09:49:44.996 [INF]      • int12 → NodeId: ns=4;i=39 (ScanRate: 1000ms)
2026-01-02 09:49:44.998 [INF]      • int13 → NodeId: ns=4;i=40 (ScanRate: 1000ms)
2026-01-02 09:49:44.999 [INF]      • int14 → NodeId: ns=4;i=41 (ScanRate: 1000ms)
2026-01-02 09:49:45.001 [INF]      • int15 → NodeId: ns=4;i=42 (ScanRate: 1000ms)
2026-01-02 09:49:45.002 [INF]      • int16 → NodeId: ns=4;i=43 (ScanRate: 1000ms)
2026-01-02 09:49:45.004 [INF]      • int17 → NodeId: ns=4;i=44 (ScanRate: 1000ms)
2026-01-02 09:49:45.005 [INF]      • int18 → NodeId: ns=4;i=45 (ScanRate: 1000ms)
2026-01-02 09:49:45.007 [INF]      • int19 → NodeId: ns=4;i=46 (ScanRate: 1000ms)
2026-01-02 09:49:45.008 [INF]      • int20 → NodeId: ns=4;i=47 (ScanRate: 1000ms)
2026-01-02 09:49:45.010 [INF]      • int21 → NodeId: ns=4;i=48 (ScanRate: 1000ms)
2026-01-02 09:49:45.012 [INF]      • int22 → NodeId: ns=4;i=49 (ScanRate: 1000ms)
2026-01-02 09:49:45.014 [INF]      • int23 → NodeId: ns=4;i=50 (ScanRate: 1000ms)
2026-01-02 09:49:45.016 [INF]      • int24 → NodeId: ns=4;i=51 (ScanRate: 1000ms)
2026-01-02 09:49:45.017 [INF]      • int25 → NodeId: ns=4;i=52 (ScanRate: 1000ms)
2026-01-02 09:49:45.019 [INF]      • int26 → NodeId: ns=4;i=53 (ScanRate: 1000ms)
2026-01-02 09:49:45.020 [INF]      • int27 → NodeId: ns=4;i=54 (ScanRate: 1000ms)
2026-01-02 09:49:45.022 [INF]      • int28 → NodeId: ns=4;i=55 (ScanRate: 1000ms)
2026-01-02 09:49:45.024 [INF]      • int29 → NodeId: ns=4;i=56 (ScanRate: 1000ms)
2026-01-02 09:49:45.025 [INF]      • int30 → NodeId: ns=4;i=57 (ScanRate: 1000ms)
2026-01-02 09:49:45.027 [INF]      • int31 → NodeId: ns=4;i=58 (ScanRate: 1000ms)
2026-01-02 09:49:45.046 [INF]   → Monitored items status:
2026-01-02 09:49:45.050 [INF]      ✓ bool1: Good
2026-01-02 09:49:45.053 [INF]      ✓ bool2: Good
2026-01-02 09:49:45.055 [INF]      ✓ bool3: Good
2026-01-02 09:49:45.058 [INF]      ✓ bool4: Good
2026-01-02 09:49:45.060 [INF]      ✓ bool5: Good
2026-01-02 09:49:45.062 [INF]      ✓ bool6: Good
2026-01-02 09:49:45.063 [INF]      ✓ bool7: Good
2026-01-02 09:49:45.065 [INF]      ✓ bool8: Good
2026-01-02 09:49:45.066 [INF]      ✓ bool9: Good
2026-01-02 09:49:45.068 [INF]      ✓ bool10: Good
2026-01-02 09:49:45.070 [INF]      ✓ bool11: Good
2026-01-02 09:49:45.071 [INF]      ✓ bool12: Good
2026-01-02 09:49:45.073 [INF]      ✓ bool13: Good
2026-01-02 09:49:45.075 [INF]      ✓ bool14: Good
2026-01-02 09:49:45.077 [INF]      ✓ bool15: Good
2026-01-02 09:49:45.078 [INF]      ✓ int1: Good
2026-01-02 09:49:45.080 [INF]      ✓ int2: Good
2026-01-02 09:49:45.081 [INF]      ✓ int3: Good
2026-01-02 09:49:45.083 [INF]      ✓ int4: Good
2026-01-02 09:49:45.084 [INF]      ✓ int5: Good
2026-01-02 09:49:45.085 [INF]      ✓ int6: Good
2026-01-02 09:49:45.087 [INF]      ✓ int7: Good
2026-01-02 09:49:45.088 [INF]      ✓ int8: Good
2026-01-02 09:49:45.089 [INF]      ✓ int9: Good
2026-01-02 09:49:45.091 [INF]      ✓ int10: Good
2026-01-02 09:49:45.092 [INF]      ✓ int11: Good
2026-01-02 09:49:45.094 [INF]      ✓ int12: Good
2026-01-02 09:49:45.095 [INF]      ✓ int13: Good
2026-01-02 09:49:45.096 [INF]      ✓ int14: Good
2026-01-02 09:49:45.098 [INF]      ✓ int15: Good
2026-01-02 09:49:45.099 [INF]      ✓ int16: Good
2026-01-02 09:49:45.101 [INF]      ✓ int17: Good
2026-01-02 09:49:45.103 [INF]      ✓ int18: Good
2026-01-02 09:49:45.104 [INF]      ✓ int19: Good
2026-01-02 09:49:45.106 [INF]      ✓ int20: Good
2026-01-02 09:49:45.108 [INF]      ✓ int21: Good
2026-01-02 09:49:45.109 [INF]      ✓ int22: Good
2026-01-02 09:49:45.111 [INF]      ✓ int23: Good
2026-01-02 09:49:45.112 [INF]      ✓ int24: Good
2026-01-02 09:49:45.114 [INF]      ✓ int25: Good
2026-01-02 09:49:45.115 [INF]      ✓ int26: Good
2026-01-02 09:49:45.117 [INF]      ✓ int27: Good
2026-01-02 09:49:45.119 [INF]      ✓ int28: Good
2026-01-02 09:49:45.120 [INF]      ✓ int29: Good
2026-01-02 09:49:45.122 [INF]      ✓ int30: Good
2026-01-02 09:49:45.124 [INF]      ✓ int31: Good
2026-01-02 09:49:45.125 [INF] ✓ Subscription Fast (100ms) created with 46 monitored items
2026-01-02 09:49:45.127 [INF] Creating subscription group: Normal (500ms) (Interval: 500ms)
2026-01-02 09:49:45.129 [WRN]   → No enabled tags for subscription Normal (500ms)
2026-01-02 09:49:45.132 [INF] ✓ Subscription Normal (500ms) created with 0 monitored items
2026-01-02 09:49:45.134 [INF] Creating subscription group: Slow (1000ms) (Interval: 1000ms)
2026-01-02 09:49:45.135 [WRN]   → No enabled tags for subscription Slow (1000ms)
2026-01-02 09:49:45.308 [INF] ✓ Subscription Slow (1000ms) created with 0 monitored items
2026-01-02 09:49:45.311 [INF] Creating subscription group: VerySlow (5000ms) (Interval: 5000ms)
2026-01-02 09:49:45.314 [WRN]   → No enabled tags for subscription VerySlow (5000ms)
2026-01-02 09:49:45.509 [INF] ✓ Subscription VerySlow (5000ms) created with 0 monitored items
2026-01-02 09:49:45.514 [INF] Connected to 1/1 PLCs
2026-01-02 09:52:43.661 [WRN] Already connected to New PLC 1
2026-01-02 09:52:46.921 [ERR] Error writing to tag ns=4;i=17 on New PLC 1
Opc.Ua.ServiceResultException: The type 'System.Text.Json.JsonElement' cannot be stored in a Variant object.
   at Opc.Ua.Variant.SetScalar(Object value, TypeInfo typeInfo)
   at Opc.Ua.Variant.Set(Object value, TypeInfo typeInfo)
   at Opc.Ua.Variant..ctor(Object value)
   at OpcUaCommunicationEngine.Services.OpcUa.PlcConnection.WriteTagAsync(String nodeId, Object value, CancellationToken cancellationToken) in C:\Users\user\source\repos\Natony\OPCUACommDriver\Services\OpcUa\PlcConnection.cs:line 413
2026-01-02 09:52:53.303 [ERR] Error writing to tag ns=4;i=18 on New PLC 1
Opc.Ua.ServiceResultException: The type 'System.Text.Json.JsonElement' cannot be stored in a Variant object.
   at Opc.Ua.Variant.SetScalar(Object value, TypeInfo typeInfo)
   at Opc.Ua.Variant.Set(Object value, TypeInfo typeInfo)
   at Opc.Ua.Variant..ctor(Object value)
   at OpcUaCommunicationEngine.Services.OpcUa.PlcConnection.WriteTagAsync(String nodeId, Object value, CancellationToken cancellationToken) in C:\Users\user\source\repos\Natony\OPCUACommDriver\Services\OpcUa\PlcConnection.cs:line 413
2026-01-02 09:52:57.317 [ERR] Error writing to tag ns=4;i=19 on New PLC 1
Opc.Ua.ServiceResultException: The type 'System.Text.Json.JsonElement' cannot be stored in a Variant object.
   at Opc.Ua.Variant.SetScalar(Object value, TypeInfo typeInfo)
   at Opc.Ua.Variant.Set(Object value, TypeInfo typeInfo)
   at Opc.Ua.Variant..ctor(Object value)
   at OpcUaCommunicationEngine.Services.OpcUa.PlcConnection.WriteTagAsync(String nodeId, Object value, CancellationToken cancellationToken) in C:\Users\user\source\repos\Natony\OPCUACommDriver\Services\OpcUa\PlcConnection.cs:line 413
2026-01-02 09:57:13.347 [INF] Disconnecting from all PLCs...
2026-01-02 09:57:13.350 [INF] PLC New PLC 1 state changed: "Connected" -> "Disconnecting"
2026-01-02 09:57:13.354 [INF] ═══════════════════════════════════════════════════════════
2026-01-02 09:57:13.356 [INF] Disconnecting from PLC: New PLC 1
2026-01-02 09:57:13.359 [INF]   → Session ID: ns=1;i=292602122
2026-01-02 09:57:13.378 [INF] ✓ Disconnected from New PLC 1
2026-01-02 09:57:13.380 [INF] ═══════════════════════════════════════════════════════════
2026-01-02 09:57:13.382 [INF] PLC New PLC 1 state changed: "Disconnecting" -> "Disconnected"
2026-01-02 09:57:13.385 [INF] Disconnected from all PLCs
2026-01-02 09:57:14.903 [INF] === Application Shutting Down ===
2026-01-02 09:57:14.905 [INF] Stopping API server...
