2025-12-31 21:07:18.683 [INF] UI Log sink configured
2025-12-31 21:07:19.097 [INF] MainWindow shown
2025-12-31 21:07:19.100 [INF] Starting ViewModel initialization...
2025-12-31 21:07:19.337 [INF] Initializing PlcManager with 0 PLCs...
2025-12-31 21:07:19.340 [INF] PlcManager initialized with 0 connections
2025-12-31 21:07:19.344 [INF] ViewModel initialization completed
2025-12-31 21:07:19.346 [DBG] Creating ApiHostService...
2025-12-31 21:07:20.093 [INF] API Server started successfully at http://localhost:5000
2025-12-31 21:07:20.912 [DBG] PlcConnection created for New PLC 1 (opc.tcp://localhost:4840)
2025-12-31 21:07:20.919 [INF] Added PLC New PLC 1 (0ff6d721-a33a-4512-9383-db9eb4add84c)
2025-12-31 21:07:25.155 [INF] Connecting to all PLCs...
2025-12-31 21:07:25.161 [INF] PLC New PLC 1 state changed: "Disconnected" -> "Connecting"
2025-12-31 21:07:25.167 [INF] ═══════════════════════════════════════════════════════════
2025-12-31 21:07:25.170 [INF] Connecting to PLC: New PLC 1
2025-12-31 21:07:25.172 [INF] Target Endpoint: opc.tcp://192.168.137.1:4840
2025-12-31 21:07:25.174 [INF] Security Policy: "None", Mode: "None"
2025-12-31 21:07:25.263 [INF] Discovering endpoints from opc.tcp://192.168.137.1:4840... (attempt 1/3)
2025-12-31 21:07:25.449 [INF] Found 5 available endpoint(s):
2025-12-31 21:07:25.453 [INF]   [1] opc.tcp://192.168.137.1:4840/
2025-12-31 21:07:25.455 [INF]       Security: None / "None"
2025-12-31 21:07:25.457 [INF]   [2] opc.tcp://192.168.137.1:4840/
2025-12-31 21:07:25.458 [INF]       Security: Basic128Rsa15 / "Sign"
2025-12-31 21:07:25.460 [INF]   [3] opc.tcp://192.168.137.1:4840/
2025-12-31 21:07:25.461 [INF]       Security: Basic128Rsa15 / "SignAndEncrypt"
2025-12-31 21:07:25.463 [INF]   [4] opc.tcp://192.168.137.1:4840/
2025-12-31 21:07:25.464 [INF]       Security: Basic256 / "Sign"
2025-12-31 21:07:25.466 [INF]   [5] opc.tcp://192.168.137.1:4840/
2025-12-31 21:07:25.467 [INF]       Security: Basic256 / "SignAndEncrypt"
2025-12-31 21:07:25.474 [INF] Selected No Security endpoint (recommended for S7-1200/1500 stability)
2025-12-31 21:07:25.477 [DBG]   → Endpoint: opc.tcp://192.168.137.1:4840/
2025-12-31 21:07:25.479 [INF] Selected Endpoint: opc.tcp://192.168.137.1:4840/
2025-12-31 21:07:25.481 [INF]   → Security Policy: http://opcfoundation.org/UA/SecurityPolicy#None
2025-12-31 21:07:25.483 [INF]   → Security Mode: "None"
2025-12-31 21:07:25.484 [INF]   → Transport Profile: http://opcfoundation.org/UA-Profile/Transport/uatcp-uasc-uabinary
2025-12-31 21:07:25.487 [INF] Creating OPC UA Session...
2025-12-31 21:07:25.566 [INF] PLC New PLC 1 state changed: "Connecting" -> "Error"
2025-12-31 21:07:25.569 [ERR] Failed to connect to New PLC 1: BadSecureChannelClosed
Opc.Ua.ServiceResultException: BadSecureChannelClosed
   at Opc.Ua.Bindings.ChannelAsyncOperation`1.EndAsync(Int32 timeout, Boolean throwOnError, CancellationToken ct)
   at Opc.Ua.Bindings.UaSCUaBinaryClientChannel.EndSendRequestAsync(IAsyncResult result, CancellationToken ct)
   at Opc.Ua.SessionClient.CreateSessionAsync(RequestHeader requestHeader, ApplicationDescription clientDescription, String serverUri, String endpointUrl, String sessionName, Byte[] clientNonce, Byte[] clientCertificate, Double requestedSessionTimeout, UInt32 maxResponseMessageSize, CancellationToken ct)
   at Opc.Ua.Client.Session.OpenAsync(String sessionName, UInt32 sessionTimeout, IUserIdentity identity, IList`1 preferredLocales, Boolean checkDomain, CancellationToken ct)
   at Opc.Ua.Client.Session.Create(ISessionInstantiator sessionInstantiator, ApplicationConfiguration configuration, ITransportWaitingConnection connection, ConfiguredEndpoint endpoint, Boolean updateBeforeConnect, Boolean checkDomain, String sessionName, UInt32 sessionTimeout, IUserIdentity identity, IList`1 preferredLocales, CancellationToken ct)
   at OpcUaCommunicationEngine.Services.OpcUa.PlcConnection.ConnectAsync(CancellationToken cancellationToken) in C:\Users\user\source\repos\Natony\OPCUACommDriver\Services\OpcUa\PlcConnection.cs:line 140
2025-12-31 21:07:25.606 [WRN] Error on PLC New PLC 1: BadSecureChannelClosed
2025-12-31 21:07:25.611 [INF] Starting auto-reconnect for New PLC 1 (max 10 attempts, interval 5000ms)
2025-12-31 21:07:25.614 [DBG] Waiting 5000ms before reconnect attempt...
2025-12-31 21:07:25.618 [INF] Connected to 0/1 PLCs
2025-12-31 21:07:28.317 [INF] Disconnecting from all PLCs...
2025-12-31 21:07:28.321 [INF] Disconnected from all PLCs
2025-12-31 21:07:29.119 [INF] Connecting to all PLCs...
2025-12-31 21:07:29.122 [INF] PLC New PLC 1 state changed: "Error" -> "Connecting"
2025-12-31 21:07:29.124 [INF] ═══════════════════════════════════════════════════════════
2025-12-31 21:07:29.125 [INF] Connecting to PLC: New PLC 1
2025-12-31 21:07:29.127 [INF] Target Endpoint: opc.tcp://192.168.137.1:4840
2025-12-31 21:07:29.129 [INF] Security Policy: "None", Mode: "None"
2025-12-31 21:07:29.147 [INF] Discovering endpoints from opc.tcp://192.168.137.1:4840... (attempt 1/3)
2025-12-31 21:07:29.155 [INF] Found 5 available endpoint(s):
2025-12-31 21:07:29.157 [INF]   [1] opc.tcp://192.168.137.1:4840/
2025-12-31 21:07:29.160 [INF]       Security: None / "None"
2025-12-31 21:07:29.163 [INF]   [2] opc.tcp://192.168.137.1:4840/
2025-12-31 21:07:29.166 [INF]       Security: Basic128Rsa15 / "Sign"
2025-12-31 21:07:29.168 [INF]   [3] opc.tcp://192.168.137.1:4840/
2025-12-31 21:07:29.169 [INF]       Security: Basic128Rsa15 / "SignAndEncrypt"
2025-12-31 21:07:29.171 [INF]   [4] opc.tcp://192.168.137.1:4840/
2025-12-31 21:07:29.172 [INF]       Security: Basic256 / "Sign"
2025-12-31 21:07:29.174 [INF]   [5] opc.tcp://192.168.137.1:4840/
2025-12-31 21:07:29.175 [INF]       Security: Basic256 / "SignAndEncrypt"
2025-12-31 21:07:29.178 [INF] Selected No Security endpoint (recommended for S7-1200/1500 stability)
2025-12-31 21:07:29.181 [DBG]   → Endpoint: opc.tcp://192.168.137.1:4840/
2025-12-31 21:07:29.183 [INF] Selected Endpoint: opc.tcp://192.168.137.1:4840/
2025-12-31 21:07:29.185 [INF]   → Security Policy: http://opcfoundation.org/UA/SecurityPolicy#None
2025-12-31 21:07:29.187 [INF]   → Security Mode: "None"
2025-12-31 21:07:29.189 [INF]   → Transport Profile: http://opcfoundation.org/UA-Profile/Transport/uatcp-uasc-uabinary
2025-12-31 21:07:29.190 [INF] Creating OPC UA Session...
2025-12-31 21:07:29.227 [INF] PLC New PLC 1 state changed: "Connecting" -> "Error"
2025-12-31 21:07:29.229 [ERR] Failed to connect to New PLC 1: BadSecureChannelClosed
Opc.Ua.ServiceResultException: BadSecureChannelClosed
   at Opc.Ua.Bindings.ChannelAsyncOperation`1.EndAsync(Int32 timeout, Boolean throwOnError, CancellationToken ct)
   at Opc.Ua.Bindings.UaSCUaBinaryClientChannel.EndSendRequestAsync(IAsyncResult result, CancellationToken ct)
   at Opc.Ua.SessionClient.CreateSessionAsync(RequestHeader requestHeader, ApplicationDescription clientDescription, String serverUri, String endpointUrl, String sessionName, Byte[] clientNonce, Byte[] clientCertificate, Double requestedSessionTimeout, UInt32 maxResponseMessageSize, CancellationToken ct)
   at Opc.Ua.Client.Session.OpenAsync(String sessionName, UInt32 sessionTimeout, IUserIdentity identity, IList`1 preferredLocales, Boolean checkDomain, CancellationToken ct)
   at Opc.Ua.Client.Session.Create(ISessionInstantiator sessionInstantiator, ApplicationConfiguration configuration, ITransportWaitingConnection connection, ConfiguredEndpoint endpoint, Boolean updateBeforeConnect, Boolean checkDomain, String sessionName, UInt32 sessionTimeout, IUserIdentity identity, IList`1 preferredLocales, CancellationToken ct)
   at OpcUaCommunicationEngine.Services.OpcUa.PlcConnection.ConnectAsync(CancellationToken cancellationToken) in C:\Users\user\source\repos\Natony\OPCUACommDriver\Services\OpcUa\PlcConnection.cs:line 140
2025-12-31 21:07:29.233 [WRN] Error on PLC New PLC 1: BadSecureChannelClosed
2025-12-31 21:07:29.235 [INF] Connected to 0/1 PLCs
2025-12-31 21:07:30.617 [INF] Auto-reconnect attempt 1/10 for New PLC 1...
2025-12-31 21:07:30.620 [INF] PLC New PLC 1 state changed: "Error" -> "Reconnecting"
2025-12-31 21:07:30.623 [INF] PLC New PLC 1 state changed: "Reconnecting" -> "Connecting"
2025-12-31 21:07:30.626 [INF] ═══════════════════════════════════════════════════════════
2025-12-31 21:07:30.629 [INF] Connecting to PLC: New PLC 1
2025-12-31 21:07:30.631 [INF] Target Endpoint: opc.tcp://192.168.137.1:4840
2025-12-31 21:07:30.634 [INF] Security Policy: "None", Mode: "None"
2025-12-31 21:07:30.652 [INF] Discovering endpoints from opc.tcp://192.168.137.1:4840... (attempt 1/3)
2025-12-31 21:07:30.661 [INF] Found 5 available endpoint(s):
2025-12-31 21:07:30.663 [INF]   [1] opc.tcp://192.168.137.1:4840/
2025-12-31 21:07:30.666 [INF]       Security: None / "None"
2025-12-31 21:07:30.668 [INF]   [2] opc.tcp://192.168.137.1:4840/
2025-12-31 21:07:30.670 [INF]       Security: Basic128Rsa15 / "Sign"
2025-12-31 21:07:30.672 [INF]   [3] opc.tcp://192.168.137.1:4840/
2025-12-31 21:07:30.673 [INF]       Security: Basic128Rsa15 / "SignAndEncrypt"
2025-12-31 21:07:30.675 [INF]   [4] opc.tcp://192.168.137.1:4840/
2025-12-31 21:07:30.677 [INF]       Security: Basic256 / "Sign"
2025-12-31 21:07:30.679 [INF]   [5] opc.tcp://192.168.137.1:4840/
2025-12-31 21:07:30.680 [INF]       Security: Basic256 / "SignAndEncrypt"
2025-12-31 21:07:30.683 [INF] Selected No Security endpoint (recommended for S7-1200/1500 stability)
2025-12-31 21:07:30.684 [DBG]   → Endpoint: opc.tcp://192.168.137.1:4840/
2025-12-31 21:07:30.686 [INF] Selected Endpoint: opc.tcp://192.168.137.1:4840/
2025-12-31 21:07:30.688 [INF]   → Security Policy: http://opcfoundation.org/UA/SecurityPolicy#None
2025-12-31 21:07:30.689 [INF]   → Security Mode: "None"
2025-12-31 21:07:30.691 [INF]   → Transport Profile: http://opcfoundation.org/UA-Profile/Transport/uatcp-uasc-uabinary
2025-12-31 21:07:30.693 [INF] Creating OPC UA Session...
2025-12-31 21:07:30.740 [INF] PLC New PLC 1 state changed: "Connecting" -> "Error"
2025-12-31 21:07:30.743 [ERR] Failed to connect to New PLC 1: BadSecureChannelClosed
Opc.Ua.ServiceResultException: BadSecureChannelClosed
   at Opc.Ua.Bindings.ChannelAsyncOperation`1.EndAsync(Int32 timeout, Boolean throwOnError, CancellationToken ct)
   at Opc.Ua.Bindings.UaSCUaBinaryClientChannel.EndSendRequestAsync(IAsyncResult result, CancellationToken ct)
   at Opc.Ua.SessionClient.CreateSessionAsync(RequestHeader requestHeader, ApplicationDescription clientDescription, String serverUri, String endpointUrl, String sessionName, Byte[] clientNonce, Byte[] clientCertificate, Double requestedSessionTimeout, UInt32 maxResponseMessageSize, CancellationToken ct)
   at Opc.Ua.Client.Session.OpenAsync(String sessionName, UInt32 sessionTimeout, IUserIdentity identity, IList`1 preferredLocales, Boolean checkDomain, CancellationToken ct)
   at Opc.Ua.Client.Session.Create(ISessionInstantiator sessionInstantiator, ApplicationConfiguration configuration, ITransportWaitingConnection connection, ConfiguredEndpoint endpoint, Boolean updateBeforeConnect, Boolean checkDomain, String sessionName, UInt32 sessionTimeout, IUserIdentity identity, IList`1 preferredLocales, CancellationToken ct)
   at OpcUaCommunicationEngine.Services.OpcUa.PlcConnection.ConnectAsync(CancellationToken cancellationToken) in C:\Users\user\source\repos\Natony\OPCUACommDriver\Services\OpcUa\PlcConnection.cs:line 140
2025-12-31 21:07:30.746 [WRN] Error on PLC New PLC 1: BadSecureChannelClosed
2025-12-31 21:07:30.748 [DBG] Waiting 5000ms before reconnect attempt...
2025-12-31 21:07:34.903 [INF] === Application Shutting Down ===
2025-12-31 21:07:34.905 [INF] Stopping API server...
2025-12-31 21:07:39.218 [INF] === Application Starting ===
2025-12-31 21:07:39.281 [DBG] Configuring services...
2025-12-31 21:07:39.286 [DBG] Services configured
2025-12-31 21:07:39.299 [INF] Services configured successfully
2025-12-31 21:07:39.595 [DBG] Creating ConfigurationService...
2025-12-31 21:07:39.603 [INF] ConfigurationService initialized. Default path: C:\Users\user\source\repos\Natony\OPCUACommDriver\bin\Debug\net8.0-windows\Configurations\plc_config.json
2025-12-31 21:07:39.608 [DBG] Creating PlcManager...
2025-12-31 21:07:39.610 [INF] PlcManager initialized
2025-12-31 21:07:39.613 [DBG] MainViewModel constructor starting...
2025-12-31 21:07:39.615 [DBG] MainViewModel constructor completed
2025-12-31 21:07:40.259 [INF] InitializeAsync starting...
2025-12-31 21:07:40.269 [INF] Loading configuration from C:\Users\user\source\repos\Natony\OPCUACommDriver\bin\Debug\net8.0-windows\Configurations\plc_config.json
2025-12-31 21:07:40.408 [INF] Loaded configuration with 0 PLCs
2025-12-31 21:07:40.418 [INF] InitializeAsync completed. PLCs: 0
2025-12-31 21:07:41.212 [INF] API Server started on http://localhost:5000
2025-12-31 21:07:41.213 [INF] Swagger UI available at http://localhost:5000/index.html
2025-12-31 21:07:41.215 [INF] SignalR Hub available at http://localhost:5000/hubs/plc
