2025-12-16 07:05:57.426 [INF] === Application Starting ===
2025-12-16 07:05:57.472 [DBG] Configuring services...
2025-12-16 07:05:57.476 [DBG] Services configured
2025-12-16 07:05:57.487 [INF] Services configured successfully
2025-12-16 07:05:58.963 [DBG] Creating ConfigurationService...
2025-12-16 07:05:58.976 [INF] ConfigurationService initialized. Default path: C:\Users\user\Desktop\avs\OPC UA Communication Engine\OpcUaCommunicationEngine\bin\Debug\net8.0-windows\Configurations\plc_config.json
2025-12-16 07:05:58.983 [DBG] Creating PlcManager...
2025-12-16 07:05:58.986 [INF] PlcManager initialized
2025-12-16 07:05:58.990 [DBG] MainViewModel constructor starting...
2025-12-16 07:05:58.993 [DBG] MainViewModel constructor completed
2025-12-16 07:05:59.466 [INF] MainWindow shown
2025-12-16 07:05:59.469 [INF] Starting ViewModel initialization...
2025-12-16 07:05:59.594 [INF] InitializeAsync starting...
2025-12-16 07:05:59.614 [INF] Loading configuration from C:\Users\user\Desktop\avs\OPC UA Communication Engine\OpcUaCommunicationEngine\bin\Debug\net8.0-windows\Configurations\plc_config.json
2025-12-16 07:05:59.744 [INF] Loaded configuration with 0 PLCs
2025-12-16 07:05:59.751 [INF] Initializing PlcManager with 0 PLCs...
2025-12-16 07:05:59.754 [INF] PlcManager initialized with 0 connections
2025-12-16 07:05:59.756 [INF] InitializeAsync completed. PLCs: 0
2025-12-16 07:05:59.758 [INF] ViewModel initialization completed
2025-12-16 07:06:01.363 [INF] AddPlc called
2025-12-16 07:06:01.731 [DBG] PlcConnection created for New PLC 1 (opc.tcp://localhost:4840)
2025-12-16 07:06:01.735 [INF] Added PLC New PLC 1 (1d239061-a78c-48d2-95af-63c3911a7227)
2025-12-16 07:06:13.386 [INF] Removed PLC 1d239061-a78c-48d2-95af-63c3911a7227
2025-12-16 07:06:14.665 [INF] AddPlc called
2025-12-16 07:06:14.668 [DBG] PlcConnection created for New PLC 1 (opc.tcp://localhost:4840)
2025-12-16 07:06:14.671 [INF] Added PLC New PLC 1 (3a6b51be-3501-45ad-9f63-1896eac25cdc)
2025-12-16 07:06:21.631 [INF] Connecting to all PLCs...
2025-12-16 07:06:21.640 [INF] PLC New PLC 1 state changed: "Disconnected" -> "Connecting"
2025-12-16 07:06:21.645 [INF] Connecting to New PLC 1 at opc.tcp://localhost:4840...
2025-12-16 07:06:21.718 [INF] Creating new application certificate...
2025-12-16 07:06:22.202 [DBG] Selected endpoint: opc.tcp://localhost:4840/, Security: http://opcfoundation.org/UA/SecurityPolicy#None
2025-12-16 07:06:22.305 [INF] PLC New PLC 1 state changed: "Connecting" -> "Error"
2025-12-16 07:06:22.308 [ERR] Failed to connect to New PLC 1: BadSecureChannelClosed
Opc.Ua.ServiceResultException: BadSecureChannelClosed
   at Opc.Ua.Bindings.ChannelAsyncOperation`1.EndAsync(Int32 timeout, Boolean throwOnError, CancellationToken ct)
   at Opc.Ua.Bindings.UaSCUaBinaryClientChannel.EndSendRequestAsync(IAsyncResult result, CancellationToken ct)
   at Opc.Ua.SessionClient.CreateSessionAsync(RequestHeader requestHeader, ApplicationDescription clientDescription, String serverUri, String endpointUrl, String sessionName, Byte[] clientNonce, Byte[] clientCertificate, Double requestedSessionTimeout, UInt32 maxResponseMessageSize, CancellationToken ct)
   at Opc.Ua.Client.Session.OpenAsync(String sessionName, UInt32 sessionTimeout, IUserIdentity identity, IList`1 preferredLocales, Boolean checkDomain, CancellationToken ct)
   at Opc.Ua.Client.Session.Create(ISessionInstantiator sessionInstantiator, ApplicationConfiguration configuration, ITransportWaitingConnection connection, ConfiguredEndpoint endpoint, Boolean updateBeforeConnect, Boolean checkDomain, String sessionName, UInt32 sessionTimeout, IUserIdentity identity, IList`1 preferredLocales, CancellationToken ct)
   at OpcUaCommunicationEngine.Services.OpcUa.PlcConnection.ConnectAsync(CancellationToken cancellationToken) in C:\Users\user\Desktop\avs\OPC UA Communication Engine\OpcUaCommunicationEngine\Services\OpcUa\PlcConnection.cs:line 123
2025-12-16 07:06:22.361 [WRN] Error on PLC New PLC 1: BadSecureChannelClosed
2025-12-16 07:06:22.365 [INF] Connected to 0/1 PLCs
2025-12-16 07:06:25.688 [INF] Connecting to all PLCs...
2025-12-16 07:06:25.690 [INF] PLC New PLC 1 state changed: "Error" -> "Connecting"
2025-12-16 07:06:25.692 [INF] Connecting to New PLC 1 at opc.tcp://localhost:4840...
2025-12-16 07:06:25.731 [DBG] Selected endpoint: opc.tcp://localhost:4840/, Security: http://opcfoundation.org/UA/SecurityPolicy#None
2025-12-16 07:06:25.763 [INF] PLC New PLC 1 state changed: "Connecting" -> "Error"
2025-12-16 07:06:25.765 [ERR] Failed to connect to New PLC 1: BadSecureChannelClosed
Opc.Ua.ServiceResultException: BadSecureChannelClosed
   at Opc.Ua.Bindings.ChannelAsyncOperation`1.EndAsync(Int32 timeout, Boolean throwOnError, CancellationToken ct)
   at Opc.Ua.Bindings.UaSCUaBinaryClientChannel.EndSendRequestAsync(IAsyncResult result, CancellationToken ct)
   at Opc.Ua.SessionClient.CreateSessionAsync(RequestHeader requestHeader, ApplicationDescription clientDescription, String serverUri, String endpointUrl, String sessionName, Byte[] clientNonce, Byte[] clientCertificate, Double requestedSessionTimeout, UInt32 maxResponseMessageSize, CancellationToken ct)
   at Opc.Ua.Client.Session.OpenAsync(String sessionName, UInt32 sessionTimeout, IUserIdentity identity, IList`1 preferredLocales, Boolean checkDomain, CancellationToken ct)
   at Opc.Ua.Client.Session.Create(ISessionInstantiator sessionInstantiator, ApplicationConfiguration configuration, ITransportWaitingConnection connection, ConfiguredEndpoint endpoint, Boolean updateBeforeConnect, Boolean checkDomain, String sessionName, UInt32 sessionTimeout, IUserIdentity identity, IList`1 preferredLocales, CancellationToken ct)
   at OpcUaCommunicationEngine.Services.OpcUa.PlcConnection.ConnectAsync(CancellationToken cancellationToken) in C:\Users\user\Desktop\avs\OPC UA Communication Engine\OpcUaCommunicationEngine\Services\OpcUa\PlcConnection.cs:line 123
2025-12-16 07:06:25.768 [WRN] Error on PLC New PLC 1: BadSecureChannelClosed
2025-12-16 07:06:25.770 [INF] Connected to 0/1 PLCs
2025-12-16 07:06:27.365 [INF] Auto-reconnect attempt 1 for New PLC 1...
2025-12-16 07:06:27.370 [INF] PLC New PLC 1 state changed: "Error" -> "Reconnecting"
2025-12-16 07:06:27.372 [INF] PLC New PLC 1 state changed: "Reconnecting" -> "Connecting"
2025-12-16 07:06:27.374 [INF] Connecting to New PLC 1 at opc.tcp://localhost:4840...
2025-12-16 07:06:27.514 [DBG] Selected endpoint: opc.tcp://localhost:4840/, Security: http://opcfoundation.org/UA/SecurityPolicy#None
2025-12-16 07:06:27.561 [INF] PLC New PLC 1 state changed: "Connecting" -> "Error"
2025-12-16 07:06:27.564 [ERR] Failed to connect to New PLC 1: BadSecureChannelClosed
Opc.Ua.ServiceResultException: BadSecureChannelClosed
   at Opc.Ua.Bindings.ChannelAsyncOperation`1.EndAsync(Int32 timeout, Boolean throwOnError, CancellationToken ct)
   at Opc.Ua.Bindings.UaSCUaBinaryClientChannel.EndSendRequestAsync(IAsyncResult result, CancellationToken ct)
   at Opc.Ua.SessionClient.CreateSessionAsync(RequestHeader requestHeader, ApplicationDescription clientDescription, String serverUri, String endpointUrl, String sessionName, Byte[] clientNonce, Byte[] clientCertificate, Double requestedSessionTimeout, UInt32 maxResponseMessageSize, CancellationToken ct)
   at Opc.Ua.Client.Session.OpenAsync(String sessionName, UInt32 sessionTimeout, IUserIdentity identity, IList`1 preferredLocales, Boolean checkDomain, CancellationToken ct)
   at Opc.Ua.Client.Session.Create(ISessionInstantiator sessionInstantiator, ApplicationConfiguration configuration, ITransportWaitingConnection connection, ConfiguredEndpoint endpoint, Boolean updateBeforeConnect, Boolean checkDomain, String sessionName, UInt32 sessionTimeout, IUserIdentity identity, IList`1 preferredLocales, CancellationToken ct)
   at OpcUaCommunicationEngine.Services.OpcUa.PlcConnection.ConnectAsync(CancellationToken cancellationToken) in C:\Users\user\Desktop\avs\OPC UA Communication Engine\OpcUaCommunicationEngine\Services\OpcUa\PlcConnection.cs:line 123
2025-12-16 07:06:27.568 [WRN] Error on PLC New PLC 1: BadSecureChannelClosed
2025-12-16 07:06:31.332 [INF] Disconnecting from all PLCs...
2025-12-16 07:06:31.335 [INF] Disconnected from all PLCs
2025-12-16 07:06:32.571 [INF] Auto-reconnect attempt 2 for New PLC 1...
2025-12-16 07:06:32.575 [INF] PLC New PLC 1 state changed: "Error" -> "Reconnecting"
2025-12-16 07:06:32.577 [INF] PLC New PLC 1 state changed: "Reconnecting" -> "Connecting"
2025-12-16 07:06:32.580 [INF] Connecting to New PLC 1 at opc.tcp://localhost:4840...
2025-12-16 07:06:32.597 [DBG] Selected endpoint: opc.tcp://localhost:4840/, Security: http://opcfoundation.org/UA/SecurityPolicy#None
2025-12-16 07:06:32.633 [INF] PLC New PLC 1 state changed: "Connecting" -> "Error"
2025-12-16 07:06:32.636 [ERR] Failed to connect to New PLC 1: BadSecureChannelClosed
Opc.Ua.ServiceResultException: BadSecureChannelClosed
   at Opc.Ua.Bindings.ChannelAsyncOperation`1.EndAsync(Int32 timeout, Boolean throwOnError, CancellationToken ct)
   at Opc.Ua.Bindings.UaSCUaBinaryClientChannel.EndSendRequestAsync(IAsyncResult result, CancellationToken ct)
   at Opc.Ua.SessionClient.CreateSessionAsync(RequestHeader requestHeader, ApplicationDescription clientDescription, String serverUri, String endpointUrl, String sessionName, Byte[] clientNonce, Byte[] clientCertificate, Double requestedSessionTimeout, UInt32 maxResponseMessageSize, CancellationToken ct)
   at Opc.Ua.Client.Session.OpenAsync(String sessionName, UInt32 sessionTimeout, IUserIdentity identity, IList`1 preferredLocales, Boolean checkDomain, CancellationToken ct)
   at Opc.Ua.Client.Session.Create(ISessionInstantiator sessionInstantiator, ApplicationConfiguration configuration, ITransportWaitingConnection connection, ConfiguredEndpoint endpoint, Boolean updateBeforeConnect, Boolean checkDomain, String sessionName, UInt32 sessionTimeout, IUserIdentity identity, IList`1 preferredLocales, CancellationToken ct)
   at OpcUaCommunicationEngine.Services.OpcUa.PlcConnection.ConnectAsync(CancellationToken cancellationToken) in C:\Users\user\Desktop\avs\OPC UA Communication Engine\OpcUaCommunicationEngine\Services\OpcUa\PlcConnection.cs:line 123
2025-12-16 07:06:32.639 [WRN] Error on PLC New PLC 1: BadSecureChannelClosed
2025-12-16 07:06:37.640 [INF] Auto-reconnect attempt 3 for New PLC 1...
2025-12-16 07:06:37.643 [INF] PLC New PLC 1 state changed: "Error" -> "Reconnecting"
2025-12-16 07:06:37.646 [INF] PLC New PLC 1 state changed: "Reconnecting" -> "Connecting"
2025-12-16 07:06:37.647 [INF] Connecting to New PLC 1 at opc.tcp://localhost:4840...
2025-12-16 07:06:37.668 [DBG] Selected endpoint: opc.tcp://localhost:4840/, Security: http://opcfoundation.org/UA/SecurityPolicy#None
2025-12-16 07:06:37.709 [INF] PLC New PLC 1 state changed: "Connecting" -> "Error"
2025-12-16 07:06:37.712 [ERR] Failed to connect to New PLC 1: BadSecureChannelClosed
Opc.Ua.ServiceResultException: BadSecureChannelClosed
   at Opc.Ua.Bindings.ChannelAsyncOperation`1.EndAsync(Int32 timeout, Boolean throwOnError, CancellationToken ct)
   at Opc.Ua.Bindings.UaSCUaBinaryClientChannel.EndSendRequestAsync(IAsyncResult result, CancellationToken ct)
   at Opc.Ua.SessionClient.CreateSessionAsync(RequestHeader requestHeader, ApplicationDescription clientDescription, String serverUri, String endpointUrl, String sessionName, Byte[] clientNonce, Byte[] clientCertificate, Double requestedSessionTimeout, UInt32 maxResponseMessageSize, CancellationToken ct)
   at Opc.Ua.Client.Session.OpenAsync(String sessionName, UInt32 sessionTimeout, IUserIdentity identity, IList`1 preferredLocales, Boolean checkDomain, CancellationToken ct)
   at Opc.Ua.Client.Session.Create(ISessionInstantiator sessionInstantiator, ApplicationConfiguration configuration, ITransportWaitingConnection connection, ConfiguredEndpoint endpoint, Boolean updateBeforeConnect, Boolean checkDomain, String sessionName, UInt32 sessionTimeout, IUserIdentity identity, IList`1 preferredLocales, CancellationToken ct)
   at OpcUaCommunicationEngine.Services.OpcUa.PlcConnection.ConnectAsync(CancellationToken cancellationToken) in C:\Users\user\Desktop\avs\OPC UA Communication Engine\OpcUaCommunicationEngine\Services\OpcUa\PlcConnection.cs:line 123
2025-12-16 07:06:37.715 [WRN] Error on PLC New PLC 1: BadSecureChannelClosed
2025-12-16 07:06:42.718 [INF] Auto-reconnect attempt 4 for New PLC 1...
2025-12-16 07:06:42.722 [INF] PLC New PLC 1 state changed: "Error" -> "Reconnecting"
2025-12-16 07:06:42.724 [INF] PLC New PLC 1 state changed: "Reconnecting" -> "Connecting"
2025-12-16 07:06:42.726 [INF] Connecting to New PLC 1 at opc.tcp://localhost:4840...
2025-12-16 07:06:42.745 [DBG] Selected endpoint: opc.tcp://localhost:4840/, Security: http://opcfoundation.org/UA/SecurityPolicy#None
2025-12-16 07:06:42.776 [INF] PLC New PLC 1 state changed: "Connecting" -> "Error"
2025-12-16 07:06:42.779 [ERR] Failed to connect to New PLC 1: BadSecureChannelClosed
Opc.Ua.ServiceResultException: BadSecureChannelClosed
   at Opc.Ua.Bindings.ChannelAsyncOperation`1.EndAsync(Int32 timeout, Boolean throwOnError, CancellationToken ct)
   at Opc.Ua.Bindings.UaSCUaBinaryClientChannel.EndSendRequestAsync(IAsyncResult result, CancellationToken ct)
   at Opc.Ua.SessionClient.CreateSessionAsync(RequestHeader requestHeader, ApplicationDescription clientDescription, String serverUri, String endpointUrl, String sessionName, Byte[] clientNonce, Byte[] clientCertificate, Double requestedSessionTimeout, UInt32 maxResponseMessageSize, CancellationToken ct)
   at Opc.Ua.Client.Session.OpenAsync(String sessionName, UInt32 sessionTimeout, IUserIdentity identity, IList`1 preferredLocales, Boolean checkDomain, CancellationToken ct)
   at Opc.Ua.Client.Session.Create(ISessionInstantiator sessionInstantiator, ApplicationConfiguration configuration, ITransportWaitingConnection connection, ConfiguredEndpoint endpoint, Boolean updateBeforeConnect, Boolean checkDomain, String sessionName, UInt32 sessionTimeout, IUserIdentity identity, IList`1 preferredLocales, CancellationToken ct)
   at OpcUaCommunicationEngine.Services.OpcUa.PlcConnection.ConnectAsync(CancellationToken cancellationToken) in C:\Users\user\Desktop\avs\OPC UA Communication Engine\OpcUaCommunicationEngine\Services\OpcUa\PlcConnection.cs:line 123
2025-12-16 07:06:42.782 [WRN] Error on PLC New PLC 1: BadSecureChannelClosed
2025-12-16 07:06:47.786 [INF] Auto-reconnect attempt 5 for New PLC 1...
2025-12-16 07:06:47.794 [INF] PLC New PLC 1 state changed: "Error" -> "Reconnecting"
2025-12-16 07:06:47.801 [INF] PLC New PLC 1 state changed: "Reconnecting" -> "Connecting"
2025-12-16 07:06:47.807 [INF] Connecting to New PLC 1 at opc.tcp://localhost:4840...
2025-12-16 07:06:47.829 [DBG] Selected endpoint: opc.tcp://localhost:4840/, Security: http://opcfoundation.org/UA/SecurityPolicy#None
2025-12-16 07:06:47.863 [INF] PLC New PLC 1 state changed: "Connecting" -> "Error"
2025-12-16 07:06:47.866 [ERR] Failed to connect to New PLC 1: BadSecureChannelClosed
Opc.Ua.ServiceResultException: BadSecureChannelClosed
   at Opc.Ua.Bindings.ChannelAsyncOperation`1.EndAsync(Int32 timeout, Boolean throwOnError, CancellationToken ct)
   at Opc.Ua.Bindings.UaSCUaBinaryClientChannel.EndSendRequestAsync(IAsyncResult result, CancellationToken ct)
   at Opc.Ua.SessionClient.CreateSessionAsync(RequestHeader requestHeader, ApplicationDescription clientDescription, String serverUri, String endpointUrl, String sessionName, Byte[] clientNonce, Byte[] clientCertificate, Double requestedSessionTimeout, UInt32 maxResponseMessageSize, CancellationToken ct)
   at Opc.Ua.Client.Session.OpenAsync(String sessionName, UInt32 sessionTimeout, IUserIdentity identity, IList`1 preferredLocales, Boolean checkDomain, CancellationToken ct)
   at Opc.Ua.Client.Session.Create(ISessionInstantiator sessionInstantiator, ApplicationConfiguration configuration, ITransportWaitingConnection connection, ConfiguredEndpoint endpoint, Boolean updateBeforeConnect, Boolean checkDomain, String sessionName, UInt32 sessionTimeout, IUserIdentity identity, IList`1 preferredLocales, CancellationToken ct)
   at OpcUaCommunicationEngine.Services.OpcUa.PlcConnection.ConnectAsync(CancellationToken cancellationToken) in C:\Users\user\Desktop\avs\OPC UA Communication Engine\OpcUaCommunicationEngine\Services\OpcUa\PlcConnection.cs:line 123
2025-12-16 07:06:47.869 [WRN] Error on PLC New PLC 1: BadSecureChannelClosed
2025-12-16 07:06:52.871 [INF] Auto-reconnect attempt 6 for New PLC 1...
2025-12-16 07:06:52.874 [INF] PLC New PLC 1 state changed: "Error" -> "Reconnecting"
2025-12-16 07:06:52.877 [INF] PLC New PLC 1 state changed: "Reconnecting" -> "Connecting"
2025-12-16 07:06:52.880 [INF] Connecting to New PLC 1 at opc.tcp://localhost:4840...
2025-12-16 07:06:52.898 [DBG] Selected endpoint: opc.tcp://localhost:4840/, Security: http://opcfoundation.org/UA/SecurityPolicy#None
2025-12-16 07:06:52.947 [INF] PLC New PLC 1 state changed: "Connecting" -> "Error"
2025-12-16 07:06:52.949 [ERR] Failed to connect to New PLC 1: BadSecureChannelClosed
Opc.Ua.ServiceResultException: BadSecureChannelClosed
   at Opc.Ua.Bindings.ChannelAsyncOperation`1.EndAsync(Int32 timeout, Boolean throwOnError, CancellationToken ct)
   at Opc.Ua.Bindings.UaSCUaBinaryClientChannel.EndSendRequestAsync(IAsyncResult result, CancellationToken ct)
   at Opc.Ua.SessionClient.CreateSessionAsync(RequestHeader requestHeader, ApplicationDescription clientDescription, String serverUri, String endpointUrl, String sessionName, Byte[] clientNonce, Byte[] clientCertificate, Double requestedSessionTimeout, UInt32 maxResponseMessageSize, CancellationToken ct)
   at Opc.Ua.Client.Session.OpenAsync(String sessionName, UInt32 sessionTimeout, IUserIdentity identity, IList`1 preferredLocales, Boolean checkDomain, CancellationToken ct)
   at Opc.Ua.Client.Session.Create(ISessionInstantiator sessionInstantiator, ApplicationConfiguration configuration, ITransportWaitingConnection connection, ConfiguredEndpoint endpoint, Boolean updateBeforeConnect, Boolean checkDomain, String sessionName, UInt32 sessionTimeout, IUserIdentity identity, IList`1 preferredLocales, CancellationToken ct)
   at OpcUaCommunicationEngine.Services.OpcUa.PlcConnection.ConnectAsync(CancellationToken cancellationToken) in C:\Users\user\Desktop\avs\OPC UA Communication Engine\OpcUaCommunicationEngine\Services\OpcUa\PlcConnection.cs:line 123
2025-12-16 07:06:52.952 [WRN] Error on PLC New PLC 1: BadSecureChannelClosed
2025-12-16 07:06:57.917 [INF] Removed PLC 3a6b51be-3501-45ad-9f63-1896eac25cdc
2025-12-16 07:06:59.116 [INF] AddPlc called
2025-12-16 07:06:59.119 [DBG] PlcConnection created for New PLC 1 (opc.tcp://localhost:4840)
2025-12-16 07:06:59.121 [INF] Added PLC New PLC 1 (7eead8c4-096a-43c0-af74-621ae9df123b)
2025-12-16 07:07:41.500 [INF] PLC PLC_1 state changed: "Disconnected" -> "Connecting"
2025-12-16 07:07:41.503 [INF] Connecting to PLC_1 at opc.tcp://localhost:192.168.1.12:4840...
2025-12-16 07:07:41.580 [INF] PLC PLC_1 state changed: "Connecting" -> "Error"
2025-12-16 07:07:41.582 [ERR] Failed to connect to PLC_1: Invalid URI: Invalid port specified.
System.UriFormatException: Invalid URI: Invalid port specified.
   at System.Uri.CreateThis(String uri, Boolean dontEscape, UriKind uriKind, UriCreationOptions& creationOptions)
   at System.Uri..ctor(String uriString)
   at Opc.Ua.Client.CoreClientUtils.GetDiscoveryUrl(String discoveryUrl)
   at Opc.Ua.Client.CoreClientUtils.SelectEndpoint(String discoveryUrl, Boolean useSecurity, Int32 discoverTimeout)
   at Opc.Ua.Client.CoreClientUtils.SelectEndpoint(String discoveryUrl, Boolean useSecurity)
   at OpcUaCommunicationEngine.Services.OpcUa.PlcConnection.ConnectAsync(CancellationToken cancellationToken) in C:\Users\user\Desktop\avs\OPC UA Communication Engine\OpcUaCommunicationEngine\Services\OpcUa\PlcConnection.cs:line 110
2025-12-16 07:07:41.584 [WRN] Error on PLC PLC_1: Invalid URI: Invalid port specified.
2025-12-16 07:07:46.588 [INF] Auto-reconnect attempt 1 for PLC_1...
2025-12-16 07:07:46.592 [INF] PLC PLC_1 state changed: "Error" -> "Reconnecting"
2025-12-16 07:07:46.594 [INF] PLC PLC_1 state changed: "Reconnecting" -> "Connecting"
2025-12-16 07:07:46.597 [INF] Connecting to PLC_1 at opc.tcp://localhost:192.168.1.12:4840...
2025-12-16 07:07:46.637 [INF] PLC PLC_1 state changed: "Connecting" -> "Error"
2025-12-16 07:07:46.640 [ERR] Failed to connect to PLC_1: Invalid URI: Invalid port specified.
System.UriFormatException: Invalid URI: Invalid port specified.
   at System.Uri.CreateThis(String uri, Boolean dontEscape, UriKind uriKind, UriCreationOptions& creationOptions)
   at System.Uri..ctor(String uriString)
   at Opc.Ua.Client.CoreClientUtils.GetDiscoveryUrl(String discoveryUrl)
   at Opc.Ua.Client.CoreClientUtils.SelectEndpoint(String discoveryUrl, Boolean useSecurity, Int32 discoverTimeout)
   at Opc.Ua.Client.CoreClientUtils.SelectEndpoint(String discoveryUrl, Boolean useSecurity)
   at OpcUaCommunicationEngine.Services.OpcUa.PlcConnection.ConnectAsync(CancellationToken cancellationToken) in C:\Users\user\Desktop\avs\OPC UA Communication Engine\OpcUaCommunicationEngine\Services\OpcUa\PlcConnection.cs:line 110
2025-12-16 07:07:46.642 [WRN] Error on PLC PLC_1: Invalid URI: Invalid port specified.
2025-12-16 07:07:51.646 [INF] Auto-reconnect attempt 2 for PLC_1...
2025-12-16 07:07:51.654 [INF] PLC PLC_1 state changed: "Error" -> "Reconnecting"
2025-12-16 07:07:51.661 [INF] PLC PLC_1 state changed: "Reconnecting" -> "Connecting"
2025-12-16 07:07:51.669 [INF] Connecting to PLC_1 at opc.tcp://localhost:192.168.1.12:4840...
2025-12-16 07:07:51.739 [INF] PLC PLC_1 state changed: "Connecting" -> "Error"
2025-12-16 07:07:51.742 [ERR] Failed to connect to PLC_1: Invalid URI: Invalid port specified.
System.UriFormatException: Invalid URI: Invalid port specified.
   at System.Uri.CreateThis(String uri, Boolean dontEscape, UriKind uriKind, UriCreationOptions& creationOptions)
   at System.Uri..ctor(String uriString)
   at Opc.Ua.Client.CoreClientUtils.GetDiscoveryUrl(String discoveryUrl)
   at Opc.Ua.Client.CoreClientUtils.SelectEndpoint(String discoveryUrl, Boolean useSecurity, Int32 discoverTimeout)
   at Opc.Ua.Client.CoreClientUtils.SelectEndpoint(String discoveryUrl, Boolean useSecurity)
   at OpcUaCommunicationEngine.Services.OpcUa.PlcConnection.ConnectAsync(CancellationToken cancellationToken) in C:\Users\user\Desktop\avs\OPC UA Communication Engine\OpcUaCommunicationEngine\Services\OpcUa\PlcConnection.cs:line 110
2025-12-16 07:07:51.745 [WRN] Error on PLC PLC_1: Invalid URI: Invalid port specified.
2025-12-16 07:07:56.747 [INF] Auto-reconnect attempt 3 for PLC_1...
2025-12-16 07:07:56.750 [INF] PLC PLC_1 state changed: "Error" -> "Reconnecting"
2025-12-16 07:07:56.752 [INF] PLC PLC_1 state changed: "Reconnecting" -> "Connecting"
2025-12-16 07:07:56.754 [INF] Connecting to PLC_1 at opc.tcp://localhost:192.168.1.12:4840...
2025-12-16 07:07:56.810 [INF] PLC PLC_1 state changed: "Connecting" -> "Error"
2025-12-16 07:07:56.814 [ERR] Failed to connect to PLC_1: Invalid URI: Invalid port specified.
System.UriFormatException: Invalid URI: Invalid port specified.
   at System.Uri.CreateThis(String uri, Boolean dontEscape, UriKind uriKind, UriCreationOptions& creationOptions)
   at System.Uri..ctor(String uriString)
   at Opc.Ua.Client.CoreClientUtils.GetDiscoveryUrl(String discoveryUrl)
   at Opc.Ua.Client.CoreClientUtils.SelectEndpoint(String discoveryUrl, Boolean useSecurity, Int32 discoverTimeout)
   at Opc.Ua.Client.CoreClientUtils.SelectEndpoint(String discoveryUrl, Boolean useSecurity)
   at OpcUaCommunicationEngine.Services.OpcUa.PlcConnection.ConnectAsync(CancellationToken cancellationToken) in C:\Users\user\Desktop\avs\OPC UA Communication Engine\OpcUaCommunicationEngine\Services\OpcUa\PlcConnection.cs:line 110
2025-12-16 07:07:56.817 [WRN] Error on PLC PLC_1: Invalid URI: Invalid port specified.
2025-12-16 07:08:01.825 [INF] Auto-reconnect attempt 4 for PLC_1...
2025-12-16 07:08:01.828 [INF] PLC PLC_1 state changed: "Error" -> "Reconnecting"
2025-12-16 07:08:01.832 [INF] PLC PLC_1 state changed: "Reconnecting" -> "Connecting"
2025-12-16 07:08:01.835 [INF] Connecting to PLC_1 at opc.tcp://localhost:192.168.1.12:4840...
2025-12-16 07:08:01.891 [INF] PLC PLC_1 state changed: "Connecting" -> "Error"
2025-12-16 07:08:01.893 [ERR] Failed to connect to PLC_1: Invalid URI: Invalid port specified.
System.UriFormatException: Invalid URI: Invalid port specified.
   at System.Uri.CreateThis(String uri, Boolean dontEscape, UriKind uriKind, UriCreationOptions& creationOptions)
   at System.Uri..ctor(String uriString)
   at Opc.Ua.Client.CoreClientUtils.GetDiscoveryUrl(String discoveryUrl)
   at Opc.Ua.Client.CoreClientUtils.SelectEndpoint(String discoveryUrl, Boolean useSecurity, Int32 discoverTimeout)
   at Opc.Ua.Client.CoreClientUtils.SelectEndpoint(String discoveryUrl, Boolean useSecurity)
   at OpcUaCommunicationEngine.Services.OpcUa.PlcConnection.ConnectAsync(CancellationToken cancellationToken) in C:\Users\user\Desktop\avs\OPC UA Communication Engine\OpcUaCommunicationEngine\Services\OpcUa\PlcConnection.cs:line 110
2025-12-16 07:08:01.896 [WRN] Error on PLC PLC_1: Invalid URI: Invalid port specified.
2025-12-16 07:08:06.898 [INF] Auto-reconnect attempt 5 for PLC_1...
2025-12-16 07:08:06.902 [INF] PLC PLC_1 state changed: "Error" -> "Reconnecting"
2025-12-16 07:08:06.906 [INF] PLC PLC_1 state changed: "Reconnecting" -> "Connecting"
2025-12-16 07:08:06.911 [INF] Connecting to PLC_1 at opc.tcp://localhost:192.168.1.12:4840...
2025-12-16 07:08:07.016 [INF] PLC PLC_1 state changed: "Connecting" -> "Error"
2025-12-16 07:08:07.020 [ERR] Failed to connect to PLC_1: Invalid URI: Invalid port specified.
System.UriFormatException: Invalid URI: Invalid port specified.
   at System.Uri.CreateThis(String uri, Boolean dontEscape, UriKind uriKind, UriCreationOptions& creationOptions)
   at System.Uri..ctor(String uriString)
   at Opc.Ua.Client.CoreClientUtils.GetDiscoveryUrl(String discoveryUrl)
   at Opc.Ua.Client.CoreClientUtils.SelectEndpoint(String discoveryUrl, Boolean useSecurity, Int32 discoverTimeout)
   at Opc.Ua.Client.CoreClientUtils.SelectEndpoint(String discoveryUrl, Boolean useSecurity)
   at OpcUaCommunicationEngine.Services.OpcUa.PlcConnection.ConnectAsync(CancellationToken cancellationToken) in C:\Users\user\Desktop\avs\OPC UA Communication Engine\OpcUaCommunicationEngine\Services\OpcUa\PlcConnection.cs:line 110
2025-12-16 07:08:07.025 [WRN] Error on PLC PLC_1: Invalid URI: Invalid port specified.
2025-12-16 07:08:12.037 [INF] Auto-reconnect attempt 6 for PLC_1...
2025-12-16 07:08:12.043 [INF] PLC PLC_1 state changed: "Error" -> "Reconnecting"
2025-12-16 07:08:12.059 [INF] PLC PLC_1 state changed: "Reconnecting" -> "Connecting"
2025-12-16 07:08:12.067 [INF] Connecting to PLC_1 at opc.tcp://localhost:192.168.1.12:4840...
2025-12-16 07:08:12.245 [INF] PLC PLC_1 state changed: "Connecting" -> "Error"
2025-12-16 07:08:12.252 [ERR] Failed to connect to PLC_1: Invalid URI: Invalid port specified.
System.UriFormatException: Invalid URI: Invalid port specified.
   at System.Uri.CreateThis(String uri, Boolean dontEscape, UriKind uriKind, UriCreationOptions& creationOptions)
   at System.Uri..ctor(String uriString)
   at Opc.Ua.Client.CoreClientUtils.GetDiscoveryUrl(String discoveryUrl)
   at Opc.Ua.Client.CoreClientUtils.SelectEndpoint(String discoveryUrl, Boolean useSecurity, Int32 discoverTimeout)
   at Opc.Ua.Client.CoreClientUtils.SelectEndpoint(String discoveryUrl, Boolean useSecurity)
   at OpcUaCommunicationEngine.Services.OpcUa.PlcConnection.ConnectAsync(CancellationToken cancellationToken) in C:\Users\user\Desktop\avs\OPC UA Communication Engine\OpcUaCommunicationEngine\Services\OpcUa\PlcConnection.cs:line 110
2025-12-16 07:08:12.260 [WRN] Error on PLC PLC_1: Invalid URI: Invalid port specified.
2025-12-16 07:08:17.282 [INF] Auto-reconnect attempt 7 for PLC_1...
2025-12-16 07:08:17.289 [INF] PLC PLC_1 state changed: "Error" -> "Reconnecting"
2025-12-16 07:08:17.298 [INF] PLC PLC_1 state changed: "Reconnecting" -> "Connecting"
2025-12-16 07:08:17.306 [INF] Connecting to PLC_1 at opc.tcp://localhost:192.168.1.12:4840...
2025-12-16 07:08:17.583 [INF] PLC PLC_1 state changed: "Connecting" -> "Error"
2025-12-16 07:08:17.590 [ERR] Failed to connect to PLC_1: Invalid URI: Invalid port specified.
System.UriFormatException: Invalid URI: Invalid port specified.
   at System.Uri.CreateThis(String uri, Boolean dontEscape, UriKind uriKind, UriCreationOptions& creationOptions)
   at System.Uri..ctor(String uriString)
   at Opc.Ua.Client.CoreClientUtils.GetDiscoveryUrl(String discoveryUrl)
   at Opc.Ua.Client.CoreClientUtils.SelectEndpoint(String discoveryUrl, Boolean useSecurity, Int32 discoverTimeout)
   at Opc.Ua.Client.CoreClientUtils.SelectEndpoint(String discoveryUrl, Boolean useSecurity)
   at OpcUaCommunicationEngine.Services.OpcUa.PlcConnection.ConnectAsync(CancellationToken cancellationToken) in C:\Users\user\Desktop\avs\OPC UA Communication Engine\OpcUaCommunicationEngine\Services\OpcUa\PlcConnection.cs:line 110
2025-12-16 07:08:17.597 [WRN] Error on PLC PLC_1: Invalid URI: Invalid port specified.
2025-12-16 07:08:22.609 [INF] Auto-reconnect attempt 8 for PLC_1...
2025-12-16 07:08:22.616 [INF] PLC PLC_1 state changed: "Error" -> "Reconnecting"
2025-12-16 07:08:22.622 [INF] PLC PLC_1 state changed: "Reconnecting" -> "Connecting"
2025-12-16 07:08:22.628 [INF] Connecting to PLC_1 at opc.tcp://localhost:192.168.1.12:4840...
2025-12-16 07:08:22.886 [INF] PLC PLC_1 state changed: "Connecting" -> "Error"
2025-12-16 07:08:22.892 [ERR] Failed to connect to PLC_1: Invalid URI: Invalid port specified.
System.UriFormatException: Invalid URI: Invalid port specified.
   at System.Uri.CreateThis(String uri, Boolean dontEscape, UriKind uriKind, UriCreationOptions& creationOptions)
   at System.Uri..ctor(String uriString)
   at Opc.Ua.Client.CoreClientUtils.GetDiscoveryUrl(String discoveryUrl)
   at Opc.Ua.Client.CoreClientUtils.SelectEndpoint(String discoveryUrl, Boolean useSecurity, Int32 discoverTimeout)
   at Opc.Ua.Client.CoreClientUtils.SelectEndpoint(String discoveryUrl, Boolean useSecurity)
   at OpcUaCommunicationEngine.Services.OpcUa.PlcConnection.ConnectAsync(CancellationToken cancellationToken) in C:\Users\user\Desktop\avs\OPC UA Communication Engine\OpcUaCommunicationEngine\Services\OpcUa\PlcConnection.cs:line 110
2025-12-16 07:08:22.900 [WRN] Error on PLC PLC_1: Invalid URI: Invalid port specified.
2025-12-16 07:08:27.921 [INF] Auto-reconnect attempt 9 for PLC_1...
2025-12-16 07:08:27.928 [INF] PLC PLC_1 state changed: "Error" -> "Reconnecting"
2025-12-16 07:08:27.936 [INF] PLC PLC_1 state changed: "Reconnecting" -> "Connecting"
2025-12-16 07:08:27.944 [INF] Connecting to PLC_1 at opc.tcp://localhost:192.168.1.12:4840...
2025-12-16 07:08:28.218 [INF] PLC PLC_1 state changed: "Connecting" -> "Error"
2025-12-16 07:08:28.223 [ERR] Failed to connect to PLC_1: Invalid URI: Invalid port specified.
System.UriFormatException: Invalid URI: Invalid port specified.
   at System.Uri.CreateThis(String uri, Boolean dontEscape, UriKind uriKind, UriCreationOptions& creationOptions)
   at System.Uri..ctor(String uriString)
   at Opc.Ua.Client.CoreClientUtils.GetDiscoveryUrl(String discoveryUrl)
   at Opc.Ua.Client.CoreClientUtils.SelectEndpoint(String discoveryUrl, Boolean useSecurity, Int32 discoverTimeout)
   at Opc.Ua.Client.CoreClientUtils.SelectEndpoint(String discoveryUrl, Boolean useSecurity)
   at OpcUaCommunicationEngine.Services.OpcUa.PlcConnection.ConnectAsync(CancellationToken cancellationToken) in C:\Users\user\Desktop\avs\OPC UA Communication Engine\OpcUaCommunicationEngine\Services\OpcUa\PlcConnection.cs:line 110
2025-12-16 07:08:28.229 [WRN] Error on PLC PLC_1: Invalid URI: Invalid port specified.
2025-12-16 07:08:33.232 [INF] Auto-reconnect attempt 10 for PLC_1...
2025-12-16 07:08:33.239 [INF] PLC PLC_1 state changed: "Error" -> "Reconnecting"
2025-12-16 07:08:33.246 [INF] PLC PLC_1 state changed: "Reconnecting" -> "Connecting"
2025-12-16 07:08:33.254 [INF] Connecting to PLC_1 at opc.tcp://localhost:192.168.1.12:4840...
2025-12-16 07:08:33.589 [INF] PLC PLC_1 state changed: "Connecting" -> "Error"
2025-12-16 07:08:33.595 [ERR] Failed to connect to PLC_1: Invalid URI: Invalid port specified.
System.UriFormatException: Invalid URI: Invalid port specified.
   at System.Uri.CreateThis(String uri, Boolean dontEscape, UriKind uriKind, UriCreationOptions& creationOptions)
   at System.Uri..ctor(String uriString)
   at Opc.Ua.Client.CoreClientUtils.GetDiscoveryUrl(String discoveryUrl)
   at Opc.Ua.Client.CoreClientUtils.SelectEndpoint(String discoveryUrl, Boolean useSecurity, Int32 discoverTimeout)
   at Opc.Ua.Client.CoreClientUtils.SelectEndpoint(String discoveryUrl, Boolean useSecurity)
   at OpcUaCommunicationEngine.Services.OpcUa.PlcConnection.ConnectAsync(CancellationToken cancellationToken) in C:\Users\user\Desktop\avs\OPC UA Communication Engine\OpcUaCommunicationEngine\Services\OpcUa\PlcConnection.cs:line 110
2025-12-16 07:08:33.603 [WRN] Error on PLC PLC_1: Invalid URI: Invalid port specified.
2025-12-16 07:08:33.609 [ERR] Max reconnect attempts reached for PLC_1
2025-12-16 08:41:06.583 [INF] === Application Shutting Down ===
2025-12-16 08:41:06.586 [INF] Disposing PlcManager...
2025-12-16 08:41:06.589 [INF] PlcManager disposed
2025-12-16 15:16:44.968 [INF] === Application Starting ===
2025-12-16 15:16:45.047 [DBG] Configuring services...
2025-12-16 15:16:45.052 [DBG] Services configured
2025-12-16 15:16:45.077 [INF] Services configured successfully
2025-12-16 15:16:45.517 [DBG] Creating ConfigurationService...
2025-12-16 15:16:45.523 [INF] ConfigurationService initialized. Default path: C:\Users\user\Desktop\avs\OPC UA Communication Engine\OpcUaCommunicationEngine\bin\Debug\net8.0-windows\Configurations\plc_config.json
2025-12-16 15:16:45.527 [DBG] Creating PlcManager...
2025-12-16 15:16:45.529 [INF] PlcManager initialized
2025-12-16 15:16:45.531 [DBG] MainViewModel constructor starting...
2025-12-16 15:16:45.533 [DBG] MainViewModel constructor completed
2025-12-16 15:16:46.014 [INF] MainWindow shown
2025-12-16 15:16:46.016 [INF] Starting ViewModel initialization...
2025-12-16 15:16:46.317 [INF] InitializeAsync starting...
2025-12-16 15:16:46.334 [INF] Loading configuration from C:\Users\user\Desktop\avs\OPC UA Communication Engine\OpcUaCommunicationEngine\bin\Debug\net8.0-windows\Configurations\plc_config.json
2025-12-16 15:16:46.487 [INF] Loaded configuration with 0 PLCs
2025-12-16 15:16:46.493 [INF] Initializing PlcManager with 0 PLCs...
2025-12-16 15:16:46.495 [INF] PlcManager initialized with 0 connections
2025-12-16 15:16:46.496 [INF] InitializeAsync completed. PLCs: 0
2025-12-16 15:16:46.498 [INF] ViewModel initialization completed
